>>> bg = BaseGeometry()
>>> bg.area()
Traceback (most recent call last):
...
Exception: area() is not implemented

>>> bg.integer_validator("width", 10)
>>> bg.integer_validator("width", "hello")
Traceback (most recent call last):
...
TypeError: width must be an integer

>>> bg.integer_validator("width", -5)
Traceback (most recent call last):
...
ValueError: width must be greater than 0

>>> bg.integer_validator("width", 0)
Traceback (most recent call last):
...
ValueError: width must be greater than 0
